../Core/Src/liquidcrystal_i2c.c:42:6:Display_Init	16	static
../Core/Src/liquidcrystal_i2c.c:97:6:Display_Clear	8	static
../Core/Src/liquidcrystal_i2c.c:103:6:Display_Home	8	static
../Core/Src/liquidcrystal_i2c.c:109:6:Display_SetCursor	40	static
../Core/Src/liquidcrystal_i2c.c:119:6:Display_NoDisplay	8	static
../Core/Src/liquidcrystal_i2c.c:125:6:Display_Display	8	static
../Core/Src/liquidcrystal_i2c.c:131:6:Display_NoCursor	8	static
../Core/Src/liquidcrystal_i2c.c:137:6:Display_Cursor	8	static
../Core/Src/liquidcrystal_i2c.c:143:6:Display_NoBlink	8	static
../Core/Src/liquidcrystal_i2c.c:149:6:Display_Blink	8	static
../Core/Src/liquidcrystal_i2c.c:155:6:Display_ScrollDisplayLeft	8	static
../Core/Src/liquidcrystal_i2c.c:160:6:Display_ScrollDisplayRight	8	static
../Core/Src/liquidcrystal_i2c.c:165:6:Display_LeftToRight	8	static
../Core/Src/liquidcrystal_i2c.c:171:6:Display_RightToLeft	8	static
../Core/Src/liquidcrystal_i2c.c:177:6:Display_AutoScroll	8	static
../Core/Src/liquidcrystal_i2c.c:183:6:Display_NoAutoScroll	8	static
../Core/Src/liquidcrystal_i2c.c:189:6:Display_CreateSpecialChar	24	static
../Core/Src/liquidcrystal_i2c.c:199:6:Display_PrintSpecialChar	16	static
../Core/Src/liquidcrystal_i2c.c:204:6:Display_LoadCustomCharacter	16	static
../Core/Src/liquidcrystal_i2c.c:209:6:Display_PrintStr	16	static
../Core/Src/liquidcrystal_i2c.c:214:6:Display_SetBacklight	16	static
../Core/Src/liquidcrystal_i2c.c:220:6:Display_NoBacklight	8	static
../Core/Src/liquidcrystal_i2c.c:226:6:Display_Backlight	8	static
../Core/Src/liquidcrystal_i2c.c:232:13:SendCommand	16	static
../Core/Src/liquidcrystal_i2c.c:237:13:SendChar	16	static
../Core/Src/liquidcrystal_i2c.c:242:13:Send	24	static
../Core/Src/liquidcrystal_i2c.c:250:13:Write4Bits	16	static
../Core/Src/liquidcrystal_i2c.c:256:13:ExpanderWrite	32	static
../Core/Src/liquidcrystal_i2c.c:262:13:PulseEnable	16	static
../Core/Src/liquidcrystal_i2c.c:271:13:DelayInit	4	static,ignoring_inline_asm
../Core/Src/liquidcrystal_i2c.c:287:13:DelayUS	32	static
